Определение глобальных переменных

$ export GITHUB_USERNAME=BootyAss
$ export HUNTER_ROOT=/home/leo/projects/hunter
$ alias gsed=sed

Акивация скрипта

$ cd ${GITHUB_USERNAME}/workspace
$ pushd .
~/BootyAss/workspace ~/BootyAss/workspace
$ source scripts/activate 

Получение репозитория предыдущей лабораторной

$ git clone https://github.com/${GITHUB_USERNAME}/lab06 projects/lab07          # Клонирование репозитория в указанную директорию
Cloning into 'projects/lab07'...
remote: Enumerating objects: 53, done.
remote: Counting objects: 100% (53/53), done.
remote: Compressing objects: 100% (30/30), done.
remote: Total 53 (delta 16), reused 49 (delta 15), pack-reused 0
Unpacking objects: 100% (53/53), done.
$ cd projects/lab07                                                             # Переход в директорию
$ git remote remove origin                                                      # Удаление ссылки на удаленный репозиторий из локального
$ git remote add origin https://github.com/${GITHUB_USERNAME}/lab07             # Указание новой ссылки на удаленный репозиторий

Установка вспомогательного пакета для Hunter

$ wget https://github.com/hunter-packages/gate/archive/v0.9.0.tar.gz -O /tmp/gate.tar.gz
--2019-06-10 22:28:31--  https://github.com/hunter-packages/gate/archive/v0.9.0.tar.gz
Загружен сертификат CA «/etc/ssl/certs/ca-certificates.crt»
Распознаётся github.com (github.com)… 140.82.118.4
Подключение к github.com (github.com)|140.82.118.4|:443... соединение установлено.
HTTP-запрос отправлен. Ожидание ответа… 302 Found
Адрес: https://codeload.github.com/hunter-packages/gate/tar.gz/v0.9.0 [переход]
--2019-06-10 22:28:32--  https://codeload.github.com/hunter-packages/gate/tar.gz/v0.9.0
Распознаётся codeload.github.com (codeload.github.com)… 192.30.253.120
Подключение к codeload.github.com (codeload.github.com)|192.30.253.120|:443... соединение установлено.
HTTP-запрос отправлен. Ожидание ответа… 200 OK
Длина: нет данных [application/x-gzip]
Сохранение в: «/tmp/gate.tar.gz»

/tmp/gate.tar.gz                [   <=>                                     ] 328,41K   568KB/s    за 0,6s    

2019-06-10 22:28:33 (568 KB/s) - «/tmp/gate.tar.gz» сохранён [336289]

# upd: заменено расположение файла
$ tar -xf /tmp/gate.tar.gz
$ mkdir -p cmake
$ mv gate-0.9.0/cmake/HunterGate.cmake cmake
$ rm -rf gate-0.9.0

# upd: изменена версия CMake на 3.0; добавлено экранирование переносов строки
$ gsed -i '/cmake_minimum_required(VERSION 3.0)/a\
\
include("cmake/HunterGate.cmake")\
huntergate(\
  URL "https://github.com/ruslo/hunter/archive/v0.23.83.tar.gz"\
  SHA1 "12dec078717539eb7b03e6d2a17797cba9be9ba9"\
)
' CMakeLists.txt

Удаление модуля тестирования, добавление GTest пакета к Hunter

$ git rm -rf third-party/gtest
rm 'third-party/gtest'

# upd: добавлено экранирование переносов строки
$ gsed -i '/set(PRINT_VERSION_STRING "v\${PRINT_VERSION}")/a\
\
hunter_add_package(GTest)\
find_package(GTest CONFIG REQUIRED)
' CMakeLists.txt

# upd: добавлено экранирование символа '/'
$ gsed -i 's/add_subdirectory(third-party\/gtest)//' CMakeLists.txt
$ gsed -i 's/gtest_main/GTest::main/' CMakeLists.txt

Конфигурирование и сборка проекта

# upd: добавлен флаг -DBUILD_TESTS=ON
# конфигурирование
$ cmake -H. -B_builds -DBUILD_TESTS=ON
-- The C compiler identification is GNU 8.2.1
-- The CXX compiler identification is GNU 8.2.1
-- Check for working C compiler: /usr/bin/cc
-- Check for working C compiler: /usr/bin/cc -- works
-- Detecting C compiler ABI info
-- Detecting C compiler ABI info - done
-- Detecting C compile features
-- Detecting C compile features - done
-- Check for working CXX compiler: /usr/bin/c++
-- Check for working CXX compiler: /usr/bin/c++ -- works
-- Detecting CXX compiler ABI info
-- Detecting CXX compiler ABI info - done
-- Detecting CXX compile features
-- Detecting CXX compile features - done
-- [hunter] Calculating Toolchain-SHA1
-- [hunter] Calculating Config-SHA1
-- [hunter] HUNTER_ROOT: /home/leo/.hunter
-- [hunter] [ Hunter-ID: 12dec07 | Toolchain-ID: a1b38ac | Config-ID: 510d5e8 ]
-- [hunter] GTEST_ROOT: /home/leo/.hunter/_Base/12dec07/a1b38ac/510d5e8/Install (ver.: 1.8.0-hunter-p11)
-- Configuring done
-- Generating done
-- Build files have been written to: /home/leo/BootyAss/workspace/projects/lab07/_builds

# Сборка
$ cmake --build _builds
Scanning dependencies of target print
[ 25%] Building CXX object CMakeFiles/print.dir/sources/print.cpp.o
[ 50%] Linking CXX static library libprint.a
[ 50%] Built target print
Scanning dependencies of target check
[ 75%] Building CXX object CMakeFiles/check.dir/tests/test1.cpp.o
[100%] Linking CXX executable check
[100%] Built target check

# Сборка указанной цели c тестами
$ cmake --build _builds --target test
Running tests...
Test project /home/leo/BootyAss/workspace/projects/lab07/_builds
    Start 1: check
1/1 Test #1: check ............................   Passed    0.00 sec

100% tests passed, 0 tests failed out of 1

Total Test time (real) =   0.00 sec

# Отображение всех файлов в указанной директории с подробностями
$ ls -la $HOME/.hunter
итого 12
drwxr-xr-x  3 leo leo 4096 мая 27 20:31 .
drwx------ 25 leo leo 4096 июн 10 21:10 ..
drwxr-xr-x  6 leo leo 4096 мая 27 20:32 _Base

Установка пакетного менеджера Hunter

# уже была выполнена ранее
$ git clone https://github.com/ruslo/hunter $HOME/projects/hunter
*****

$ rm -rf _builds

# upd: добавлен флаг -DBUILD_TESTS=ON
# Конфигурирование
$ cmake -H. -B_builds -DBUILD_TESTS=ON
-- The C compiler identification is GNU 8.2.1
-- The CXX compiler identification is GNU 8.2.1
-- Check for working C compiler: /usr/bin/cc
-- Check for working C compiler: /usr/bin/cc -- works
-- Detecting C compiler ABI info
-- Detecting C compiler ABI info - done
-- Detecting C compile features
-- Detecting C compile features - done
-- Check for working CXX compiler: /usr/bin/c++
-- Check for working CXX compiler: /usr/bin/c++ -- works
-- Detecting CXX compiler ABI info
-- Detecting CXX compiler ABI info - done
-- Detecting CXX compile features
-- Detecting CXX compile features - done
-- [hunter] Calculating Toolchain-SHA1
-- [hunter] Calculating Config-SHA1
-- [hunter] HUNTER_ROOT: /home/leo/.hunter
-- [hunter] [ Hunter-ID: 12dec07 | Toolchain-ID: a1b38ac | Config-ID: 510d5e8 ]
-- [hunter] GTEST_ROOT: /home/leo/.hunter/_Base/12dec07/a1b38ac/510d5e8/Install (ver.: 1.8.0-hunter-p11)
-- Configuring done
-- Generating done
-- Build files have been written to: /home/leo/BootyAss/workspace/projects/lab07/_builds

# Сборка
$ cmake --build _builds
Scanning dependencies of target print
[ 25%] Building CXX object CMakeFiles/print.dir/sources/print.cpp.o
[ 50%] Linking CXX static library libprint.a
[ 50%] Built target print
Scanning dependencies of target check
[ 75%] Building CXX object CMakeFiles/check.dir/tests/test1.cpp.o
[100%] Linking CXX executable check
[100%] Built target check

# Сборка указанной цели
$ cmake --build _builds --target test
Running tests...
Test project /home/leo/BootyAss/workspace/projects/lab07/_builds
    Start 1: check
1/1 Test #1: check ............................   Passed    0.00 sec

100% tests passed, 0 tests failed out of 1

Total Test time (real) =   0.00 sec

Конфигурирование Hunter

# upd: Gtest заменен на GTest
# Вывод в консоль указанного файла. Вывод только строк, содержащих подстроку GTest
$ cat $HUNTER_ROOT/cmake/configs/default.cmake | grep GTest
   hunter_default_version(GTest VERSION 1.7.0-hunter-6)
   hunter_default_version(GTest VERSION 1.8.0-hunter-p11)

# Вывод в консоль указанного файла
$ cat $HUNTER_ROOT/cmake/projects/GTest/hunter.cmake
# Copyright (c) 2013, Ruslan Baratov
# All rights reserved.

# !!! DO NOT PLACE HEADER GUARDS HERE !!!

include(hunter_add_version)
include(hunter_cacheable)
include(hunter_download)
include(hunter_pick_scheme)
include(hunter_cmake_args)

hunter_add_version(
    PACKAGE_NAME
    GTest
    VERSION
    "1.7.0-hunter"
    URL
    "https://github.com/hunter-packages/gtest/archive/v1.7.0-hunter.tar.gz"
    SHA1
    1ed1c26d11fb592056c1cb912bd3c784afa96eaa
)

hunter_add_version(
    PACKAGE_NAME
    GTest
    VERSION
    "1.7.0-hunter-1"
    URL
    "https://github.com/hunter-packages/gtest/archive/v1.7.0-hunter-1.tar.gz"
    SHA1
    0cb1dcf75e144ad052d3f1e4923a7773bf9b494f
)

hunter_add_version(
    PACKAGE_NAME
    GTest
    VERSION
    "1.7.0-hunter-2"
    URL
    "https://github.com/hunter-packages/gtest/archive/v1.7.0-hunter-2.tar.gz"
    SHA1
    e62b2ef70308f63c32c560f7b6e252442eed4d57
)

hunter_add_version(
    PACKAGE_NAME
    GTest
    VERSION
    "1.7.0-hunter-3"
    URL
    "https://github.com/hunter-packages/gtest/archive/v1.7.0-hunter-3.tar.gz"
    SHA1
    fea7d3020e20f059255484c69755753ccadf6362
)

hunter_add_version(
    PACKAGE_NAME
    GTest
    VERSION
    "1.7.0-hunter-4"
    URL
    "https://github.com/hunter-packages/gtest/archive/v1.7.0-hunter-4.tar.gz"
    SHA1
    9b439c0c25437a083957b197ac6905662a5d901b
)

hunter_add_version(
    PACKAGE_NAME
    GTest
    VERSION
    "1.7.0-hunter-5"
    URL
    "https://github.com/hunter-packages/gtest/archive/v1.7.0-hunter-5.tar.gz"
    SHA1
    796804df3facb074087a4d8ba6f652e5ac69ad7f
)

hunter_add_version(
    PACKAGE_NAME
    GTest
    VERSION
    "1.7.0-hunter-6"
    URL
    "https://github.com/hunter-packages/gtest/archive/v1.7.0-hunter-6.tar.gz"
    SHA1
    64b93147abe287da8fe4e18cfd54ba9297dafb82
)

hunter_add_version(
    PACKAGE_NAME
    GTest
    VERSION
    "1.7.0-hunter-7"
    URL
    "https://github.com/hunter-packages/gtest/archive/v1.7.0-hunter-7.tar.gz"
    SHA1
    19b5c98747768bcd0622714f2ed40f17aee406b2
)

hunter_add_version(
    PACKAGE_NAME
    GTest
    VERSION
    "1.7.0-hunter-8"
    URL
    "https://github.com/hunter-packages/gtest/archive/v1.7.0-hunter-8.tar.gz"
    SHA1
    ac4d2215aa1b1d745a096e5e3b2dbe0c0f229ea5
)

hunter_add_version(
    PACKAGE_NAME
    GTest
    VERSION
    "1.7.0-hunter-9"
    URL
    "https://github.com/hunter-packages/gtest/archive/v1.7.0-hunter-9.tar.gz"
    SHA1
    8a47fe9c4e550f4ed0e2c05388dd291a059223d9
)

hunter_add_version(
    PACKAGE_NAME
    GTest
    VERSION
    "1.7.0-hunter-10"
    URL
    "https://github.com/hunter-packages/gtest/archive/v1.7.0-hunter-10.tar.gz"
    SHA1
    374e6dbe8619ab467c6b1a0b470a598407b172e9
)

hunter_add_version(
    PACKAGE_NAME
    GTest
    VERSION
    "1.7.0-hunter-11"
    URL
    "https://github.com/hunter-packages/gtest/archive/v1.7.0-hunter-11.tar.gz"
    SHA1
    c6ae948ca2bea1d734af01b1069491b00933ed31
)

hunter_add_version(
    PACKAGE_NAME
    GTest
    VERSION
    1.8.0-hunter-p2
    URL
    "https://github.com/hunter-packages/googletest/archive/1.8.0-hunter-p2.tar.gz"
    SHA1
    93148cb8850abe78b76ed87158fdb6b9c48e38c4
)

hunter_add_version(
    PACKAGE_NAME
    GTest
    VERSION
    1.8.0-hunter-p5
    URL https://github.com/hunter-packages/googletest/archive/1.8.0-hunter-p5.tar.gz
    SHA1 3325aa4fc8b30e665c9f73a60f19387b7db36f85
)

hunter_add_version(
    PACKAGE_NAME
    GTest
    VERSION
    1.8.0-hunter-p6
    URL
    "https://github.com/hunter-packages/googletest/archive/1.8.0-hunter-p6.tar.gz"
    SHA1
    f57096bd01c6f8cbef043b312d4d1e82f29648b6
)

hunter_add_version(
    PACKAGE_NAME
    GTest
    VERSION
    1.8.0-hunter-p7
    URL
    "https://github.com/hunter-packages/googletest/archive/1.8.0-hunter-p7.tar.gz"
    SHA1
    4fe083a96d7597f7dce6f453dca01e1d94a1e45b
)

hunter_add_version(
    PACKAGE_NAME
    GTest
    VERSION
    1.8.0-hunter-p8
    URL
    "https://github.com/hunter-packages/googletest/archive/1.8.0-hunter-p8.tar.gz"
    SHA1
    1cdd396b20c8d29f7ea08baaa49673b1c261f545
)

hunter_add_version(
    PACKAGE_NAME
    GTest
    VERSION
    1.8.0-hunter-p9
    URL
    "https://github.com/hunter-packages/googletest/archive/1.8.0-hunter-p9.tar.gz"
    SHA1
    a345f16cb610e0b5dfa7778dc2852b784cfede5b
)

hunter_add_version(
    PACKAGE_NAME
    GTest
    VERSION
    1.8.0-hunter-p10
    URL
    "https://github.com/hunter-packages/googletest/archive/1.8.0-hunter-p10.tar.gz"
    SHA1
    1d92c9f51af756410843b13f8c4e4df09e235394
)

hunter_add_version(
    PACKAGE_NAME
    GTest
    VERSION
    "1.8.0-hunter-p11"
    URL
    "https://github.com/hunter-packages/googletest/archive/1.8.0-hunter-p11.tar.gz"
    SHA1
    76c6aec038f7d7258bf5c4f45c4817b34039d285
)

if(HUNTER_GTest_VERSION VERSION_LESS 1.8.0)
  set(_gtest_license "LICENSE")
else()
  set(_gtest_license "googletest/LICENSE")
endif()

hunter_cmake_args(
    GTest
    CMAKE_ARGS
    HUNTER_INSTALL_LICENSE_FILES=${_gtest_license}
)

hunter_pick_scheme(DEFAULT url_sha1_cmake)
hunter_cacheable(GTest)
hunter_download(PACKAGE_NAME GTest PACKAGE_INTERNAL_DEPS_ID 1)

$ mkdir cmake/Hunter
$ cat > cmake/Hunter/config.cmake <<EOF 
hunter_config(GTest VERSION 1.7.0-hunter-9)
EOF

Добавление git подмодуля,

# upd: изменен формат ссылки
$ git submodule add https://github.com/ruslo/polly tools/polly
лонирование в «/home/leo/BootyAss/workspace/projects/lab07/tools/polly»…
remote: Enumerating objects: 42, done.
remote: Counting objects: 100% (42/42), done.
remote: Compressing objects: 100% (26/26), done.
remote: Total 6147 (delta 23), reused 30 (delta 16), pack-reused 6105
Получение объектов: 100% (6147/6147), 1.57 MiB | 2.79 MiB/s, готово.
Определение изменений: 100% (4204/4204), готово.

# upd: добавлен -DBUILD_TESTS=ON
# Сборка и тестирование через утилиту polly
$ tools/polly/bin/polly.py --test --fwd BUILD_TESTS=ON
Python version: 3.7
Build dir: /home/leo/BootyAss/workspace/projects/lab07/_builds/default
Execute command: [
  `which`
  `cmake`
]

[/home/leo/BootyAss/workspace/projects/lab07]> "which" "cmake"

/usr/bin/cmake
Execute command: [
  `cmake`
  `--version`
]

[/home/leo/BootyAss/workspace/projects/lab07]> "cmake" "--version"

cmake version 3.14.1

CMake suite maintained and supported by Kitware (kitware.com/cmake).
Execute command: [
  `cmake`
  `-H.`
  `-B/home/leo/BootyAss/workspace/projects/lab07/_builds/default`
  `-DCMAKE_TOOLCHAIN_FILE=/home/leo/BootyAss/workspace/projects/lab07/tools/polly/default.cmake`
  `-DBUILD_TESTS=ON`
]

[/home/leo/BootyAss/workspace/projects/lab07]> "cmake" "-H." "-B/home/leo/BootyAss/workspace/projects/lab07/_builds/default" "-DCMAKE_TOOLCHAIN_FILE=/home/leo/BootyAss/workspace/projects/lab07/tools/polly/default.cmake" "-DBUILD_TESTS=ON"

-- [polly] Used toolchain: Default
-- The C compiler identification is GNU 8.2.1
-- The CXX compiler identification is GNU 8.2.1
-- Check for working C compiler: /usr/bin/cc
-- Check for working C compiler: /usr/bin/cc -- works
-- Detecting C compiler ABI info
-- Detecting C compiler ABI info - done
-- Detecting C compile features
-- Detecting C compile features - done
-- Check for working CXX compiler: /usr/bin/c++
-- Check for working CXX compiler: /usr/bin/c++ -- works
-- Detecting CXX compiler ABI info
-- Detecting CXX compiler ABI info - done
-- Detecting CXX compile features
-- Detecting CXX compile features - done
-- [hunter] Calculating Toolchain-SHA1
-- [hunter] Calculating Config-SHA1
-- [hunter] HUNTER_ROOT: /home/leo/projects/hunter
-- [hunter] [ Hunter-ID: 12dec07 | Toolchain-ID: a1b38ac | Config-ID: 9b21e9b ]
-- [hunter] GTEST_ROOT: /home/leo/projects/hunter/_Base/12dec07/a1b38ac/9b21e9b/Install (ver.: 1.8.0-hunter-p11)
-- Configuring done
-- Generating done
-- Build files have been written to: /home/leo/BootyAss/workspace/projects/lab07/_builds/default
Execute command: [
  `cmake`
  `--build`
  `/home/leo/BootyAss/workspace/projects/lab07/_builds/default`
  `--`
]

[/home/leo/BootyAss/workspace/projects/lab07]> "cmake" "--build" "/home/leo/BootyAss/workspace/projects/lab07/_builds/default" "--"

Scanning dependencies of target print
[ 25%] Building CXX object CMakeFiles/print.dir/sources/print.cpp.o
[ 50%] Linking CXX static library libprint.a
[ 50%] Built target print
Scanning dependencies of target check
[ 75%] Building CXX object CMakeFiles/check.dir/tests/test1.cpp.o
[100%] Linking CXX executable check
[100%] Built target check
Run tests
Execute command: [
  `ctest`
]

[/home/leo/BootyAss/workspace/projects/lab07/_builds/default]> "ctest"

Test project /home/leo/BootyAss/workspace/projects/lab07/_builds/default
    Start 1: check
1/1 Test #1: check ............................   Passed    0.00 sec

100% tests passed, 0 tests failed out of 1

Total Test time (real) =   0.00 sec
-
Log saved: /home/leo/BootyAss/workspace/projects/lab07/_logs/polly/default/log.txt
-
Generate: 0:00:04.530722s
Build: 0:00:02.515508s
Test: 0:00:00.014178s
-
Total: 0:00:07.060682s
-
SUCCESS

# upd: Добавлен блок

Сохранение изменений и отправка их в удаленный реп

$ git status
На ветке master
Изменения, которые будут включены в коммит:
  (используйте «git reset HEAD <файл>…», чтобы убрать из индекса)

        изменено:      .gitmodules
        удалено:       third-party/gtest
        новый файл:    tools/polly

Изменения, которые не в индексе для коммита:
  (используйте «git add <файл>…», чтобы добавить файл в индекс)
  (используйте «git checkout -- <файл>…», чтобы отменить изменения
   в рабочем каталоге)

        изменено:      CMakeLists.txt

Неотслеживаемые файлы:
  (используйте «git add <файл>…», чтобы добавить в то, что будет включено в коммит)

        _logs/
        cmake/
        hunter/

$ git commit -m "Updated modules"
$ git add cmake
$ git commit -m "Added cmake config files"
$ git add CMakeLists.txt
$ git commit -m "Added Hunter and GTest to CMakeLists.txt"
$ git push origin master
*****
Перечисление объектов: 65, готово.
Подсчет объектов: 100% (65/65), готово.
При сжатии изменений используется до 12 потоков
Сжатие объектов: 100% (54/54), готово.
Запись объектов: 100% (65/65), 21.03 KiB | 5.26 MiB/s, готово.
Всего 65 (изменения 19), повторно использовано 0 (изменения 0)
remote: Resolving deltas: 100% (19/19), done.
To https://github.com/BootyAss/lab07
 * [new branch]      master -> master
